<?xml version="1.0" encoding="UTF-8"?>
<testsuites>
  <testsuite name="" tests="41" assertions="76" errors="0" warnings="0" failures="0" skipped="0" time="0.028427">
    <testsuite name="all" tests="41" assertions="76" errors="0" warnings="0" failures="0" skipped="0" time="0.028427">
      <testsuite name="App\Cards\CardGraphicTest" file="/home/linda/dbwebb-kurser/mvc/me/report/test/Cards/CardGraphicTest.php" tests="2" assertions="2" errors="0" warnings="0" failures="0" skipped="0" time="0.002628">
        <testcase name="testgetAsString" class="App\Cards\CardGraphicTest" classname="App.Cards.CardGraphicTest" file="/home/linda/dbwebb-kurser/mvc/me/report/test/Cards/CardGraphicTest.php" line="9" assertions="1" time="0.002300"/>
        <testcase name="testtoString" class="App\Cards\CardGraphicTest" classname="App.Cards.CardGraphicTest" file="/home/linda/dbwebb-kurser/mvc/me/report/test/Cards/CardGraphicTest.php" line="19" assertions="1" time="0.000328"/>
      </testsuite>
      <testsuite name="App\Cards\CardHandTest" file="/home/linda/dbwebb-kurser/mvc/me/report/test/Cards/CardHandTest.php" tests="6" assertions="14" errors="0" warnings="0" failures="0" skipped="0" time="0.002853">
        <testcase name="testAddNoArgument" class="App\Cards\CardHandTest" classname="App.Cards.CardHandTest" file="/home/linda/dbwebb-kurser/mvc/me/report/test/Cards/CardHandTest.php" line="9" assertions="1" time="0.000520"/>
        <testcase name="testAdd" class="App\Cards\CardHandTest" classname="App.Cards.CardHandTest" file="/home/linda/dbwebb-kurser/mvc/me/report/test/Cards/CardHandTest.php" line="18" assertions="2" time="0.000607"/>
        <testcase name="testGetNumberCards" class="App\Cards\CardHandTest" classname="App.Cards.CardHandTest" file="/home/linda/dbwebb-kurser/mvc/me/report/test/Cards/CardHandTest.php" line="29" assertions="1" time="0.000352"/>
        <testcase name="testGetString" class="App\Cards\CardHandTest" classname="App.Cards.CardHandTest" file="/home/linda/dbwebb-kurser/mvc/me/report/test/Cards/CardHandTest.php" line="47" assertions="4" time="0.000415"/>
        <testcase name="testGetStringJson" class="App\Cards\CardHandTest" classname="App.Cards.CardHandTest" file="/home/linda/dbwebb-kurser/mvc/me/report/test/Cards/CardHandTest.php" line="71" assertions="4" time="0.000410"/>
        <testcase name="testGetHand" class="App\Cards\CardHandTest" classname="App.Cards.CardHandTest" file="/home/linda/dbwebb-kurser/mvc/me/report/test/Cards/CardHandTest.php" line="95" assertions="2" time="0.000549"/>
      </testsuite>
      <testsuite name="App\Cards\CardTest" file="/home/linda/dbwebb-kurser/mvc/me/report/test/Cards/CardTest.php" tests="2" assertions="2" errors="0" warnings="0" failures="0" skipped="0" time="0.000707">
        <testcase name="testgetValue" class="App\Cards\CardTest" classname="App.Cards.CardTest" file="/home/linda/dbwebb-kurser/mvc/me/report/test/Cards/CardTest.php" line="12" assertions="1" time="0.000370"/>
        <testcase name="testgetSuit" class="App\Cards\CardTest" classname="App.Cards.CardTest" file="/home/linda/dbwebb-kurser/mvc/me/report/test/Cards/CardTest.php" line="22" assertions="1" time="0.000337"/>
      </testsuite>
      <testsuite name="App\Cards\DeckOfCardsTest" file="/home/linda/dbwebb-kurser/mvc/me/report/test/Cards/DeckOfCardsTest.php" tests="9" assertions="18" errors="0" warnings="0" failures="0" skipped="0" time="0.007702">
        <testcase name="testSortDeck" class="App\Cards\DeckOfCardsTest" classname="App.Cards.DeckOfCardsTest" file="/home/linda/dbwebb-kurser/mvc/me/report/test/Cards/DeckOfCardsTest.php" line="9" assertions="5" time="0.002921"/>
        <testcase name="testShuffleDeck" class="App\Cards\DeckOfCardsTest" classname="App.Cards.DeckOfCardsTest" file="/home/linda/dbwebb-kurser/mvc/me/report/test/Cards/DeckOfCardsTest.php" line="28" assertions="1" time="0.000579"/>
        <testcase name="testDrawCard" class="App\Cards\DeckOfCardsTest" classname="App.Cards.DeckOfCardsTest" file="/home/linda/dbwebb-kurser/mvc/me/report/test/Cards/DeckOfCardsTest.php" line="38" assertions="1" time="0.000596"/>
        <testcase name="testDrawCardsNoArgument" class="App\Cards\DeckOfCardsTest" classname="App.Cards.DeckOfCardsTest" file="/home/linda/dbwebb-kurser/mvc/me/report/test/Cards/DeckOfCardsTest.php" line="46" assertions="2" time="0.000582"/>
        <testcase name="testDrawCards" class="App\Cards\DeckOfCardsTest" classname="App.Cards.DeckOfCardsTest" file="/home/linda/dbwebb-kurser/mvc/me/report/test/Cards/DeckOfCardsTest.php" line="55" assertions="2" time="0.000558"/>
        <testcase name="testremoveCardNoArgument" class="App\Cards\DeckOfCardsTest" classname="App.Cards.DeckOfCardsTest" file="/home/linda/dbwebb-kurser/mvc/me/report/test/Cards/DeckOfCardsTest.php" line="64" assertions="1" time="0.000593"/>
        <testcase name="testremoveCard" class="App\Cards\DeckOfCardsTest" classname="App.Cards.DeckOfCardsTest" file="/home/linda/dbwebb-kurser/mvc/me/report/test/Cards/DeckOfCardsTest.php" line="72" assertions="4" time="0.000645"/>
        <testcase name="testgetDeck" class="App\Cards\DeckOfCardsTest" classname="App.Cards.DeckOfCardsTest" file="/home/linda/dbwebb-kurser/mvc/me/report/test/Cards/DeckOfCardsTest.php" line="89" assertions="1" time="0.000669"/>
        <testcase name="testCountDeck" class="App\Cards\DeckOfCardsTest" classname="App.Cards.DeckOfCardsTest" file="/home/linda/dbwebb-kurser/mvc/me/report/test/Cards/DeckOfCardsTest.php" line="97" assertions="1" time="0.000559"/>
      </testsuite>
      <testsuite name="App\Game\BankTest" file="/home/linda/dbwebb-kurser/mvc/me/report/test/Game/BankTest.php" tests="2" assertions="2" errors="0" warnings="0" failures="0" skipped="0" time="0.001129">
        <testcase name="testmakeDecisionUnder17" class="App\Game\BankTest" classname="App.Game.BankTest" file="/home/linda/dbwebb-kurser/mvc/me/report/test/Game/BankTest.php" line="12" assertions="1" time="0.000725"/>
        <testcase name="testmakeDecisionOver17" class="App\Game\BankTest" classname="App.Game.BankTest" file="/home/linda/dbwebb-kurser/mvc/me/report/test/Game/BankTest.php" line="24" assertions="1" time="0.000404"/>
      </testsuite>
      <testsuite name="App\Game\GameTest" file="/home/linda/dbwebb-kurser/mvc/me/report/test/Game/GameTest.php" tests="12" assertions="22" errors="0" warnings="0" failures="0" skipped="0" time="0.009869">
        <testcase name="testdrawGameCard" class="App\Game\GameTest" classname="App.Game.GameTest" file="/home/linda/dbwebb-kurser/mvc/me/report/test/Game/GameTest.php" line="13" assertions="3" time="0.001127"/>
        <testcase name="testdrawGameCardBank" class="App\Game\GameTest" classname="App.Game.GameTest" file="/home/linda/dbwebb-kurser/mvc/me/report/test/Game/GameTest.php" line="28" assertions="6" time="0.001593"/>
        <testcase name="testgetPlayerHandNoArgument" class="App\Game\GameTest" classname="App.Game.GameTest" file="/home/linda/dbwebb-kurser/mvc/me/report/test/Game/GameTest.php" line="45" assertions="1" time="0.000679"/>
        <testcase name="testgetPlayerHand" class="App\Game\GameTest" classname="App.Game.GameTest" file="/home/linda/dbwebb-kurser/mvc/me/report/test/Game/GameTest.php" line="53" assertions="2" time="0.000685"/>
        <testcase name="testgetPlayerHandJsonNoArg" class="App\Game\GameTest" classname="App.Game.GameTest" file="/home/linda/dbwebb-kurser/mvc/me/report/test/Game/GameTest.php" line="66" assertions="1" time="0.000565"/>
        <testcase name="testgetPlayerHandJson" class="App\Game\GameTest" classname="App.Game.GameTest" file="/home/linda/dbwebb-kurser/mvc/me/report/test/Game/GameTest.php" line="74" assertions="2" time="0.000803"/>
        <testcase name="testgetPlayerNoArg" class="App\Game\GameTest" classname="App.Game.GameTest" file="/home/linda/dbwebb-kurser/mvc/me/report/test/Game/GameTest.php" line="89" assertions="1" time="0.000599"/>
        <testcase name="testgetPlayer" class="App\Game\GameTest" classname="App.Game.GameTest" file="/home/linda/dbwebb-kurser/mvc/me/report/test/Game/GameTest.php" line="97" assertions="2" time="0.000790"/>
        <testcase name="testplayerWinsBankMorePoints" class="App\Game\GameTest" classname="App.Game.GameTest" file="/home/linda/dbwebb-kurser/mvc/me/report/test/Game/GameTest.php" line="110" assertions="1" time="0.000662"/>
        <testcase name="testplayerWinsBankNoPoints" class="App\Game\GameTest" classname="App.Game.GameTest" file="/home/linda/dbwebb-kurser/mvc/me/report/test/Game/GameTest.php" line="124" assertions="1" time="0.000605"/>
        <testcase name="testplayerWinsBankOver21" class="App\Game\GameTest" classname="App.Game.GameTest" file="/home/linda/dbwebb-kurser/mvc/me/report/test/Game/GameTest.php" line="134" assertions="1" time="0.000770"/>
        <testcase name="testplayerWins" class="App\Game\GameTest" classname="App.Game.GameTest" file="/home/linda/dbwebb-kurser/mvc/me/report/test/Game/GameTest.php" line="150" assertions="1" time="0.000991"/>
      </testsuite>
      <testsuite name="App\Game\PlayerTest" file="/home/linda/dbwebb-kurser/mvc/me/report/test/Game/PlayerTest.php" tests="8" assertions="16" errors="0" warnings="0" failures="0" skipped="0" time="0.003541">
        <testcase name="testaddPlayerHandNoArgument" class="App\Game\PlayerTest" classname="App.Game.PlayerTest" file="/home/linda/dbwebb-kurser/mvc/me/report/test/Game/PlayerTest.php" line="13" assertions="1" time="0.000476"/>
        <testcase name="testaddPlayerHand" class="App\Game\PlayerTest" classname="App.Game.PlayerTest" file="/home/linda/dbwebb-kurser/mvc/me/report/test/Game/PlayerTest.php" line="21" assertions="3" time="0.000494"/>
        <testcase name="testcalcPoints" class="App\Game\PlayerTest" classname="App.Game.PlayerTest" file="/home/linda/dbwebb-kurser/mvc/me/report/test/Game/PlayerTest.php" line="35" assertions="1" time="0.000472"/>
        <testcase name="testcalcPointsHighAce" class="App\Game\PlayerTest" classname="App.Game.PlayerTest" file="/home/linda/dbwebb-kurser/mvc/me/report/test/Game/PlayerTest.php" line="47" assertions="1" time="0.000396"/>
        <testcase name="testcalcPointsLowAce" class="App\Game\PlayerTest" classname="App.Game.PlayerTest" file="/home/linda/dbwebb-kurser/mvc/me/report/test/Game/PlayerTest.php" line="59" assertions="1" time="0.000413"/>
        <testcase name="testgetCardHandArray" class="App\Game\PlayerTest" classname="App.Game.PlayerTest" file="/home/linda/dbwebb-kurser/mvc/me/report/test/Game/PlayerTest.php" line="76" assertions="3" time="0.000410"/>
        <testcase name="testgetHand" class="App\Game\PlayerTest" classname="App.Game.PlayerTest" file="/home/linda/dbwebb-kurser/mvc/me/report/test/Game/PlayerTest.php" line="89" assertions="3" time="0.000423"/>
        <testcase name="testgetHandJson" class="App\Game\PlayerTest" classname="App.Game.PlayerTest" file="/home/linda/dbwebb-kurser/mvc/me/report/test/Game/PlayerTest.php" line="103" assertions="3" time="0.000456"/>
      </testsuite>
    </testsuite>
  </testsuite>
</testsuites>
